CCS PCM C Compiler, Version 4.057, 57501               15-Sep-21 16:47

               Filename: C:\Users\CRISTRONICOS\Documents\PROGRAMACIÓN-ELECTRÓNICA\2.uC PIC\LEARNING\3.Tipos de CLOCK uC PIC CCS C\Reloj 4Mhz\Reloj 4Mhz.lst

               ROM used: 60 words (1%)
                         Largest free fragment is 2048
               RAM used: 6 (2%) at main() level
                         7 (2%) worst case
               Stack:    1 locations

*
0000:  MOVLW  00
0001:  MOVWF  0A
0002:  GOTO   019
0003:  NOP
.................... #INCLUDE <16f887.h> 
.................... //////// Standard Header file for the PIC16F887 device //////////////// 
.................... #device PIC16F887 
.................... #list 
....................  
.................... #USE DELAY(clock=4MHz)//4MHz 
0004:  MOVLW  21
0005:  MOVWF  04
0006:  BCF    03.7
0007:  MOVF   00,W
0008:  BTFSC  03.2
0009:  GOTO   018
000A:  MOVLW  01
000B:  MOVWF  78
000C:  CLRF   77
000D:  DECFSZ 77,F
000E:  GOTO   00D
000F:  DECFSZ 78,F
0010:  GOTO   00C
0011:  MOVLW  4A
0012:  MOVWF  77
0013:  DECFSZ 77,F
0014:  GOTO   013
0015:  GOTO   016
0016:  DECFSZ 00,F
0017:  GOTO   00A
0018:  RETLW  00
.................... #FUSES XT,NOPROTECT,NOWDT,NOBROWNOUT,PUT,NOLVP 
.................... #DEFINE LED PORTB,0 //Puerto B RB0 se llama LED 
.................... #BYTE PORTB=6//Lugar de memoria puerto B 
....................  
.................... MAIN() 
.................... { 
0019:  CLRF   04
001A:  BCF    03.7
001B:  MOVLW  1F
001C:  ANDWF  03,F
001D:  BSF    03.5
001E:  BSF    03.6
001F:  MOVF   09,W
0020:  ANDLW  C0
0021:  MOVWF  09
0022:  BCF    03.6
0023:  BCF    1F.4
0024:  BCF    1F.5
0025:  MOVLW  00
0026:  BSF    03.6
0027:  MOVWF  08
0028:  BCF    03.5
0029:  CLRF   07
002A:  CLRF   08
002B:  CLRF   09
....................   SET_TRIS_B(0);//CERO(0)==SALIDA UNO(1)==ENTRADA 
002C:  MOVLW  00
002D:  BSF    03.5
002E:  BCF    03.6
002F:  MOVWF  06
....................   PORTB=0; 
0030:  BCF    03.5
0031:  CLRF   06
....................   WHILE(TRUE) 
....................   { 
....................     BIT_SET(LED); 
0032:  BSF    06.0
....................     DELAY_MS(100); 
0033:  MOVLW  64
0034:  MOVWF  21
0035:  CALL   004
....................     BIT_CLEAR(LED); 
0036:  BCF    06.0
....................     DELAY_MS(100); 
0037:  MOVLW  64
0038:  MOVWF  21
0039:  CALL   004
....................   } 
003A:  GOTO   032
.................... } 
003B:  SLEEP

Configuration Fuses:
   Word  1: 2CE1   XT NOWDT PUT MCLR NOPROTECT NOCPD NOBROWNOUT IESO FCMEN NOLVP NODEBUG
   Word  2: 3FFF   NOWRT BORV40
